$ npm run lint

> bmad-total-app@0.1.0 lint
> node ./scripts/lint.mjs

âœ… Lint OK
$ npm run typecheck

> bmad-total-app@0.1.0 typecheck
> node ./scripts/typecheck.mjs

âœ… Typecheck (syntax) OK
$ npx vitest run tests/unit/gate-verdict-calculator.test.js tests/edge/gate-verdict-calculator.edge.test.js

[1m[46m RUN [49m[22m [36mv4.0.18 [39m[90m/root/.openclaw/workspace/projects/dashboard-openclaw/app[39m

 [32mâœ“[39m tests/edge/gate-verdict-calculator.edge.test.js [2m([22m[2m12 tests[22m[2m)[22m[32m 25[2mms[22m[39m
 [32mâœ“[39m tests/unit/gate-verdict-calculator.test.js [2m([22m[2m14 tests[22m[2m)[22m[32m 59[2mms[22m[39m

[2m Test Files [22m [1m[32m2 passed[39m[22m[90m (2)[39m
[2m      Tests [22m [1m[32m26 passed[39m[22m[90m (26)[39m
[2m   Start at [22m 01:51:01
[2m   Duration [22m 537ms[2m (transform 306ms, setup 0ms, import 451ms, tests 84ms, environment 0ms)[22m

$ npx playwright test tests/e2e/gate-verdict-calculator.spec.js

Running 2 tests using 2 workers

  âœ“  2 [chromium] â€º tests/e2e/gate-verdict-calculator.spec.js:386:1 â€º gate verdict demo remains readable without horizontal overflow on mobile/tablet/desktop (1.8s)
  âœ“  1 [chromium] â€º tests/e2e/gate-verdict-calculator.spec.js:315:1 â€º gate verdict demo covers empty/loading/error/success with reason, counters, verdict, canMarkDone, factors and actions (2.2s)

  2 passed (3.6s)
$ npx vitest run tests/unit/gate-verdict-calculator.test.js tests/edge/gate-verdict-calculator.edge.test.js --coverage --coverage.include=src/gate-verdict-calculator.js --coverage.reporter=text --coverage.reporter=json-summary

[1m[46m RUN [49m[22m [36mv4.0.18 [39m[90m/root/.openclaw/workspace/projects/dashboard-openclaw/app[39m
      [2mCoverage enabled with [22m[33mv8[39m

 [32mâœ“[39m tests/edge/gate-verdict-calculator.edge.test.js [2m([22m[2m12 tests[22m[2m)[22m[32m 24[2mms[22m[39m
 [32mâœ“[39m tests/unit/gate-verdict-calculator.test.js [2m([22m[2m14 tests[22m[2m)[22m[32m 63[2mms[22m[39m

[2m Test Files [22m [1m[32m2 passed[39m[22m[90m (2)[39m
[2m      Tests [22m [1m[32m26 passed[39m[22m[90m (26)[39m
[2m   Start at [22m 01:51:08
[2m   Duration [22m 669ms[2m (transform 357ms, setup 0ms, import 505ms, tests 87ms, environment 0ms)[22m

[34m % [39m[2mCoverage report from [22m[33mv8[39m
-------------------|---------|----------|---------|---------|-------------------
File               | % Stmts | % Branch | % Funcs | % Lines | Uncovered Line #s 
-------------------|---------|----------|---------|---------|-------------------
All files          |   99.17 |    99.21 |   97.36 |   99.57 |                   
 ...-calculator.js |   99.17 |    99.21 |   97.36 |   99.57 | 742               
-------------------|---------|----------|---------|---------|-------------------
$ npm run build

> bmad-total-app@0.1.0 build
> node ./scripts/build.mjs

âœ… Build OK
$ npm run security:deps

> bmad-total-app@0.1.0 security:deps
> npm audit --audit-level=high

found 0 vulnerabilities
âœ… S027_TECH_GATES_OK

[TEA checkpoint 2026-02-24T01:51:09Z]
Coverage gate evaluation (module S027):
- app/src/gate-verdict-calculator.js: 99.57% lines / 99.21% branches
- Required threshold (story S027 AC-10): >=95% lines and >=95% branches
âœ… S027_MODULE_COVERAGE_GATE_OK
