$ npm run lint

> bmad-total-app@0.1.0 lint
> node ./scripts/lint.mjs

âœ… Lint OK
$ npm run typecheck

> bmad-total-app@0.1.0 typecheck
> node ./scripts/typecheck.mjs

âœ… Typecheck (syntax) OK
$ npx vitest run tests/unit/done-transition-guard.test.js tests/edge/done-transition-guard.edge.test.js

[1m[46m RUN [49m[22m [36mv4.0.18 [39m[90m/root/.openclaw/workspace/projects/dashboard-openclaw/app[39m

 [32mâœ“[39m tests/edge/done-transition-guard.edge.test.js [2m([22m[2m9 tests[22m[2m)[22m[32m 20[2mms[22m[39m
 [32mâœ“[39m tests/unit/done-transition-guard.test.js [2m([22m[2m11 tests[22m[2m)[22m[32m 40[2mms[22m[39m

[2m Test Files [22m [1m[32m2 passed[39m[22m[90m (2)[39m
[2m      Tests [22m [1m[32m20 passed[39m[22m[90m (20)[39m
[2m   Start at [22m 02:54:03
[2m   Duration [22m 518ms[2m (transform 362ms, setup 0ms, import 520ms, tests 59ms, environment 0ms)[22m

$ npx playwright test tests/e2e/done-transition-guard.spec.js

Running 2 tests using 2 workers

  âœ“  2 [chromium] â€º tests/e2e/done-transition-guard.spec.js:348:1 â€º done transition guard demo remains readable without horizontal overflow on mobile/tablet/desktop (1.9s)
  âœ“  1 [chromium] â€º tests/e2e/done-transition-guard.spec.js:279:1 â€º done transition guard demo covers empty/loading/error/success with reason, counters, doneTransition and actions (2.2s)

  2 passed (3.6s)
$ npx vitest run tests/unit/done-transition-guard.test.js tests/edge/done-transition-guard.edge.test.js --coverage --coverage.include=src/done-transition-guard.js --coverage.reporter=text --coverage.reporter=json-summary

[1m[46m RUN [49m[22m [36mv4.0.18 [39m[90m/root/.openclaw/workspace/projects/dashboard-openclaw/app[39m
      [2mCoverage enabled with [22m[33mv8[39m

 [32mâœ“[39m tests/edge/done-transition-guard.edge.test.js [2m([22m[2m9 tests[22m[2m)[22m[32m 19[2mms[22m[39m
 [32mâœ“[39m tests/unit/done-transition-guard.test.js [2m([22m[2m11 tests[22m[2m)[22m[32m 44[2mms[22m[39m

[2m Test Files [22m [1m[32m2 passed[39m[22m[90m (2)[39m
[2m      Tests [22m [1m[32m20 passed[39m[22m[90m (20)[39m
[2m   Start at [22m 02:54:09
[2m   Duration [22m 677ms[2m (transform 430ms, setup 0ms, import 661ms, tests 63ms, environment 0ms)[22m

[34m % [39m[2mCoverage report from [22m[33mv8[39m
-------------------|---------|----------|---------|---------|-------------------
File               | % Stmts | % Branch | % Funcs | % Lines | Uncovered Line #s 
-------------------|---------|----------|---------|---------|-------------------
All files          |   99.34 |    96.06 |      96 |     100 |                   
 ...ition-guard.js |   99.34 |    96.06 |      96 |     100 | ...22,296,348,496 
-------------------|---------|----------|---------|---------|-------------------
$ npm run build

> bmad-total-app@0.1.0 build
> node ./scripts/build.mjs

âœ… Build OK
$ npm run security:deps

> bmad-total-app@0.1.0 security:deps
> npm audit --audit-level=high

found 0 vulnerabilities
âœ… S028_TECH_GATES_OK

[TEA checkpoint 2026-02-24T02:54:11Z]
Coverage gate evaluation (module S028):
- app/src/done-transition-guard.js: 100.00% lines / 96.06% branches / 96.00% functions / 99.34% statements
- Required threshold (story S028 AC-08): >=95% lines and >=95% branches
âœ… S028_MODULE_COVERAGE_GATE_OK
