$ npm run lint

> bmad-total-app@0.1.0 lint
> node ./scripts/lint.mjs

âœ… Lint OK
$ npm run typecheck

> bmad-total-app@0.1.0 typecheck
> node ./scripts/typecheck.mjs

âœ… Typecheck (syntax) OK
$ npx vitest run tests/unit/gate-primary-evidence-validator.test.js tests/edge/gate-primary-evidence-validator.edge.test.js

[1m[46m RUN [49m[22m [36mv4.0.18 [39m[90m/root/.openclaw/workspace/projects/dashboard-openclaw/app[39m

 [32mâœ“[39m tests/edge/gate-primary-evidence-validator.edge.test.js [2m([22m[2m10 tests[22m[2m)[22m[32m 18[2mms[22m[39m
 [32mâœ“[39m tests/unit/gate-primary-evidence-validator.test.js [2m([22m[2m12 tests[22m[2m)[22m[32m 48[2mms[22m[39m

[2m Test Files [22m [1m[32m2 passed[39m[22m[90m (2)[39m
[2m      Tests [22m [1m[32m22 passed[39m[22m[90m (22)[39m
[2m   Start at [22m 03:51:43
[2m   Duration [22m 550ms[2m (transform 393ms, setup 0ms, import 558ms, tests 66ms, environment 0ms)[22m

$ npx playwright test tests/e2e/gate-primary-evidence-validator.spec.js

Running 2 tests using 2 workers

  âœ“  2 [chromium] â€º tests/e2e/gate-primary-evidence-validator.spec.js:397:1 â€º primary evidence validator demo remains readable without horizontal overflow on mobile/tablet/desktop (1.8s)
  âœ“  1 [chromium] â€º tests/e2e/gate-primary-evidence-validator.spec.js:315:1 â€º primary evidence validator demo covers empty/loading/error/success and required fields (2.6s)

  2 passed (4.1s)
$ npx vitest run tests/unit/gate-primary-evidence-validator.test.js tests/edge/gate-primary-evidence-validator.edge.test.js --coverage --coverage.include=src/gate-primary-evidence-validator.js --coverage.reporter=text --coverage.reporter=json-summary

[1m[46m RUN [49m[22m [36mv4.0.18 [39m[90m/root/.openclaw/workspace/projects/dashboard-openclaw/app[39m
      [2mCoverage enabled with [22m[33mv8[39m

 [32mâœ“[39m tests/edge/gate-primary-evidence-validator.edge.test.js [2m([22m[2m10 tests[22m[2m)[22m[32m 21[2mms[22m[39m
 [32mâœ“[39m tests/unit/gate-primary-evidence-validator.test.js [2m([22m[2m12 tests[22m[2m)[22m[32m 48[2mms[22m[39m

[2m Test Files [22m [1m[32m2 passed[39m[22m[90m (2)[39m
[2m      Tests [22m [1m[32m22 passed[39m[22m[90m (22)[39m
[2m   Start at [22m 03:51:50
[2m   Duration [22m 619ms[2m (transform 372ms, setup 0ms, import 518ms, tests 69ms, environment 0ms)[22m

[34m % [39m[2mCoverage report from [22m[33mv8[39m
-------------------|---------|----------|---------|---------|-------------------
File               | % Stmts | % Branch | % Funcs | % Lines | Uncovered Line #s 
-------------------|---------|----------|---------|---------|-------------------
All files          |   98.91 |    98.31 |   96.29 |   99.44 |                   
 ...e-validator.js |   98.91 |    98.31 |   96.29 |   99.44 | 234               
-------------------|---------|----------|---------|---------|-------------------
$ npm run build

> bmad-total-app@0.1.0 build
> node ./scripts/build.mjs

âœ… Build OK
$ npm run security:deps

> bmad-total-app@0.1.0 security:deps
> npm audit --audit-level=high

found 0 vulnerabilities
âœ… S029_TECH_GATES_OK

[TEA checkpoint 2026-02-24T03:51:51Z]
Coverage gate evaluation (module S029):
- app/src/gate-primary-evidence-validator.js: 99.44% lines / 98.31% branches / 96.29% functions / 98.91% statements
- Required threshold (story S029 AC-10): >=95% lines and >=95% branches
âœ… S029_MODULE_COVERAGE_GATE_OK
